  218 qualified ticker-days loaded
  A max_stop_pct: done
  A max_pb_volume_ratio: done
  A max_retracement_pct: done
  A min_push_pct: done
  A min_room_r: done
  A reward_multiple: done
  A min_efficiency: done
  A max_pullback_bars: done
  A fallback_atr_mult: done
  F max_stop_pct: done
  F max_pb_volume_ratio: done
  F max_retracement_pct: done
  F min_push_pct: done
  F min_room_r: done
  F reward_multiple: done
  F min_efficiency: done
  F max_pullback_bars: done
  F fallback_atr_mult: done
wrote 92 sensitivity rows
