  2024-08-26  session    1   10625 tickers       0 candidate-days so far
  2024-08-27  session    2   10590 tickers       0 candidate-days so far
  2024-08-28  session    3   10538 tickers       0 candidate-days so far
  2024-08-29  session    4   10532 tickers       0 candidate-days so far
  2024-08-30  session    5   10535 tickers       0 candidate-days so far
  2024-09-03  session    6   10573 tickers       0 candidate-days so far
  2024-09-04  session    7   10563 tickers       0 candidate-days so far
  2024-09-05  session    8   10593 tickers       0 candidate-days so far
  2024-09-06  session    9   10527 tickers       0 candidate-days so far
  2024-09-09  session   10   10550 tickers       0 candidate-days so far
  2024-09-10  session   11   10566 tickers       0 candidate-days so far
  2024-09-11  session   12   10582 tickers       0 candidate-days so far
  2024-09-12  session   13   10590 tickers       0 candidate-days so far
  2024-09-13  session   14   10617 tickers       0 candidate-days so far
  2024-09-16  session   15   10680 tickers       0 candidate-days so far
  2024-09-17  session   16   10638 tickers       0 candidate-days so far
  2024-09-18  session   17   10643 tickers       0 candidate-days so far
  2024-09-19  session   18   10674 tickers       0 candidate-days so far
  2024-09-20  session   19   10623 tickers       0 candidate-days so far
  2024-09-23  session   20   10616 tickers       0 candidate-days so far
  2024-09-24  session   21   10681 tickers       0 candidate-days so far
  2024-09-25  session   22   10671 tickers       7 candidate-days so far
  2024-09-26  session   23   10676 tickers      11 candidate-days so far
  2024-09-27  session   24   10615 tickers      32 candidate-days so far
  2024-09-30  session   25   10677 tickers      38 candidate-days so far
  2024-10-01  session   26   10637 tickers      62 candidate-days so far
  2024-10-02  session   27   10588 tickers      65 candidate-days so far
  2024-10-03  session   28   10609 tickers      87 candidate-days so far
  2024-10-04  session   29   10620 tickers      93 candidate-days so far
  2024-10-07  session   30   10665 tickers      98 candidate-days so far
  2024-10-08  session   31   10684 tickers     112 candidate-days so far
  2024-10-09  session   32   10657 tickers     118 candidate-days so far
  2024-10-10  session   33   10664 tickers     126 candidate-days so far
  2024-10-11  session   34   10672 tickers     128 candidate-days so far
  2024-10-14  session   35   10684 tickers     135 candidate-days so far
  2024-10-15  session   36   10704 tickers     144 candidate-days so far
  2024-10-16  session   37   10722 tickers     152 candidate-days so far
  2024-10-17  session   38   10707 tickers     167 candidate-days so far
  2024-10-18  session   39   10631 tickers     175 candidate-days so far
  2024-10-21  session   40   10686 tickers     186 candidate-days so far
  2024-10-22  session   41   10644 tickers     199 candidate-days so far
  2024-10-23  session   42   10664 tickers     206 candidate-days so far
  2024-10-24  session   43   10667 tickers     216 candidate-days so far
  2024-10-25  session   44   10673 tickers     232 candidate-days so far
  2024-10-28  session   45   10724 tickers     243 candidate-days so far
  2024-10-29  session   46   10703 tickers     258 candidate-days so far
  2024-10-30  session   47   10717 tickers     265 candidate-days so far
  2024-10-31  session   48   10680 tickers     272 candidate-days so far
  2024-11-01  session   49   10687 tickers     292 candidate-days so far
  2024-11-04  session   50   10681 tickers     301 candidate-days so far
  2024-11-05  session   51   10680 tickers     309 candidate-days so far
  2024-11-06  session   52   10702 tickers     322 candidate-days so far
  2024-11-07  session   53   10708 tickers     369 candidate-days so far
  2024-11-08  session   54   10676 tickers     388 candidate-days so far
  2024-11-11  session   55   10688 tickers     406 candidate-days so far
  2024-11-12  session   56   10699 tickers     426 candidate-days so far
  2024-11-13  session   57   10694 tickers     442 candidate-days so far
  2024-11-14  session   58   10718 tickers     468 candidate-days so far
  2024-11-15  session   59   10713 tickers     486 candidate-days so far
  2024-11-18  session   60   10750 tickers     496 candidate-days so far
  2024-11-19  session   61   10749 tickers     510 candidate-days so far
  2024-11-20  session   62   10731 tickers     518 candidate-days so far
  2024-11-21  session   63   10771 tickers     529 candidate-days so far
  2024-11-22  session   64   10760 tickers     547 candidate-days so far
  2024-11-25  session   65   10798 tickers     559 candidate-days so far
  2024-11-26  session   66   10736 tickers     584 candidate-days so far
  2024-11-27  session   67   10758 tickers     608 candidate-days so far
  2024-11-29  session   68   10664 tickers     623 candidate-days so far
  2024-12-02  session   69   10777 tickers     635 candidate-days so far
  2024-12-03  session   70   10791 tickers     653 candidate-days so far
  2024-12-04  session   71   10784 tickers     663 candidate-days so far
  2024-12-05  session   72   10792 tickers     672 candidate-days so far
  2024-12-06  session   73   10781 tickers     691 candidate-days so far
  2024-12-09  session   74   10808 tickers     708 candidate-days so far
  2024-12-10  session   75   10789 tickers     734 candidate-days so far
  2024-12-11  session   76   10831 tickers     748 candidate-days so far
  2024-12-12  session   77   10812 tickers     764 candidate-days so far
  2024-12-13  session   78   10798 tickers     774 candidate-days so far
  2024-12-16  session   79   10836 tickers     789 candidate-days so far
  2024-12-17  session   80   10827 tickers     805 candidate-days so far
  2024-12-18  session   81   10839 tickers     823 candidate-days so far
  2024-12-19  session   82   10800 tickers     839 candidate-days so far
  2024-12-20  session   83   10853 tickers     871 candidate-days so far
  2024-12-23  session   84   10817 tickers     884 candidate-days so far
  2024-12-24  session   85   10697 tickers     908 candidate-days so far
  2024-12-26  session   86   10776 tickers     923 candidate-days so far
  2024-12-27  session   87   10810 tickers     933 candidate-days so far
  2024-12-30  session   88   10831 tickers     964 candidate-days so far
  2024-12-31  session   89   10827 tickers     980 candidate-days so far
  2025-01-02  session   90   10870 tickers     998 candidate-days so far
  2025-01-03  session   91   10838 tickers    1027 candidate-days so far
  2025-01-06  session   92   10864 tickers    1044 candidate-days so far
  2025-01-07  session   93   10880 tickers    1071 candidate-days so far
  2025-01-08  session   94   10866 tickers    1084 candidate-days so far
  2025-01-10  session   95   10874 tickers    1095 candidate-days so far
  2025-01-13  session   96   10862 tickers    1116 candidate-days so far
  2025-01-14  session   97   10854 tickers    1136 candidate-days so far
  2025-01-15  session   98   10850 tickers    1165 candidate-days so far
  2025-01-16  session   99   10856 tickers    1192 candidate-days so far
  2025-01-17  session  100   10822 tickers    1207 candidate-days so far
  2025-01-21  session  101   10912 tickers    1220 candidate-days so far
  2025-01-22  session  102   10896 tickers    1234 candidate-days so far
  2025-01-23  session  103   10884 tickers    1244 candidate-days so far
  2025-01-24  session  104   10920 tickers    1253 candidate-days so far
  2025-01-27  session  105   10928 tickers    1272 candidate-days so far
  2025-01-28  session  106   10916 tickers    1287 candidate-days so far
  2025-01-29  session  107   10878 tickers    1303 candidate-days so far
  2025-01-30  session  108   10887 tickers    1311 candidate-days so far
  2025-01-31  session  109   10896 tickers    1325 candidate-days so far
  2025-02-03  session  110   10910 tickers    1334 candidate-days so far
  2025-02-04  session  111   10882 tickers    1348 candidate-days so far
  2025-02-05  session  112   10911 tickers    1356 candidate-days so far
  2025-02-06  session  113   10899 tickers    1365 candidate-days so far
  2025-02-07  session  114   10916 tickers    1377 candidate-days so far
  2025-02-10  session  115   10954 tickers    1389 candidate-days so far
  2025-02-11  session  116   10937 tickers    1409 candidate-days so far
  2025-02-12  session  117   10938 tickers    1419 candidate-days so far
  2025-02-13  session  118   10930 tickers    1424 candidate-days so far
  2025-02-14  session  119   10925 tickers    1436 candidate-days so far
  2025-02-18  session  120   10948 tickers    1450 candidate-days so far
  2025-02-19  session  121   10957 tickers    1466 candidate-days so far
  2025-02-20  session  122   10969 tickers    1476 candidate-days so far
  2025-02-21  session  123   10944 tickers    1497 candidate-days so far
  2025-02-24  session  124   10959 tickers    1508 candidate-days so far
  2025-02-25  session  125   10964 tickers    1520 candidate-days so far
  2025-02-26  session  126   10963 tickers    1535 candidate-days so far
  2025-02-27  session  127   10979 tickers    1556 candidate-days so far
  2025-02-28  session  128   10984 tickers    1577 candidate-days so far
  2025-03-03  session  129   10954 tickers    1588 candidate-days so far
  2025-03-04  session  130   10988 tickers    1612 candidate-days so far
  2025-03-05  session  131   10973 tickers    1617 candidate-days so far
  2025-03-06  session  132   10922 tickers    1631 candidate-days so far
  2025-03-07  session  133   10951 tickers    1638 candidate-days so far
  2025-03-10  session  134   10961 tickers    1647 candidate-days so far
  2025-03-11  session  135   10939 tickers    1661 candidate-days so far
  2025-03-12  session  136   10956 tickers    1673 candidate-days so far
  2025-03-13  session  137   10928 tickers    1695 candidate-days so far
  2025-03-14  session  138   10963 tickers    1706 candidate-days so far
  2025-03-17  session  139   10972 tickers    1717 candidate-days so far
  2025-03-18  session  140   10948 tickers    1730 candidate-days so far
  2025-03-19  session  141   10953 tickers    1740 candidate-days so far
  2025-03-20  session  142   10906 tickers    1752 candidate-days so far
  2025-03-21  session  143   10898 tickers    1757 candidate-days so far
  2025-03-24  session  144   10972 tickers    1766 candidate-days so far
  2025-03-25  session  145   10953 tickers    1782 candidate-days so far
  2025-03-26  session  146   10974 tickers    1790 candidate-days so far
  2025-03-27  session  147   10959 tickers    1800 candidate-days so far
  2025-03-28  session  148   10964 tickers    1814 candidate-days so far
  2025-03-31  session  149   10992 tickers    1823 candidate-days so far
  2025-04-01  session  150   10991 tickers    1834 candidate-days so far
  2025-04-02  session  151   10949 tickers    1839 candidate-days so far
  2025-04-03  session  152   11028 tickers    1847 candidate-days so far
  2025-04-04  session  153   11055 tickers    1871 candidate-days so far
  2025-04-07  session  154   11065 tickers    1879 candidate-days so far
  2025-04-08  session  155   11029 tickers    1893 candidate-days so far
  2025-04-09  session  156   11028 tickers    1952 candidate-days so far
  2025-04-10  session  157   10997 tickers    1961 candidate-days so far
  2025-04-11  session  158   11003 tickers    1972 candidate-days so far
  2025-04-14  session  159   11011 tickers    1984 candidate-days so far
  2025-04-15  session  160   10952 tickers    2012 candidate-days so far
  2025-04-16  session  161   10968 tickers    2023 candidate-days so far
  2025-04-17  session  162   10961 tickers    2033 candidate-days so far
  2025-04-21  session  163   10981 tickers    2048 candidate-days so far
  2025-04-22  session  164   10972 tickers    2055 candidate-days so far
  2025-04-23  session  165   11006 tickers    2067 candidate-days so far
  2025-04-24  session  166   11013 tickers    2116 candidate-days so far
  2025-04-25  session  167   10984 tickers    2126 candidate-days so far
  2025-04-28  session  168   11030 tickers    2129 candidate-days so far
  2025-04-29  session  169   11015 tickers    2145 candidate-days so far
  2025-04-30  session  170   11032 tickers    2157 candidate-days so far
  2025-05-01  session  171   11003 tickers    2164 candidate-days so far
  2025-05-02  session  172   11035 tickers    2181 candidate-days so far
  2025-05-05  session  173   11011 tickers    2193 candidate-days so far
  2025-05-06  session  174   11024 tickers    2200 candidate-days so far
  2025-05-07  session  175   11028 tickers    2224 candidate-days so far
  2025-05-08  session  176   11028 tickers    2246 candidate-days so far
  2025-05-09  session  177   10991 tickers    2280 candidate-days so far
  2025-05-12  session  178   11085 tickers    2308 candidate-days so far
  2025-05-13  session  179   11095 tickers    2374 candidate-days so far
  2025-05-14  session  180   11078 tickers    2393 candidate-days so far
  2025-05-15  session  181   11046 tickers    2414 candidate-days so far
  2025-05-16  session  182   11076 tickers    2428 candidate-days so far
  2025-05-19  session  183   11048 tickers    2444 candidate-days so far
  2025-05-20  session  184   11060 tickers    2450 candidate-days so far
  2025-05-21  session  185   11049 tickers    2465 candidate-days so far
  2025-05-22  session  186   11059 tickers    2473 candidate-days so far
  2025-05-23  session  187   11056 tickers    2482 candidate-days so far
  2025-05-27  session  188   11089 tickers    2493 candidate-days so far
  2025-05-28  session  189   11073 tickers    2511 candidate-days so far
  2025-05-29  session  190   11089 tickers    2524 candidate-days so far
  2025-05-30  session  191   11092 tickers    2540 candidate-days so far
  2025-06-02  session  192   11094 tickers    2549 candidate-days so far
  2025-06-03  session  193   11114 tickers    2571 candidate-days so far
  2025-06-04  session  194   11102 tickers    2582 candidate-days so far
  2025-06-05  session  195   11099 tickers    2591 candidate-days so far
  2025-06-06  session  196   11132 tickers    2602 candidate-days so far
  2025-06-09  session  197   11137 tickers    2612 candidate-days so far
  2025-06-10  session  198   11136 tickers    2634 candidate-days so far
  2025-06-11  session  199   11144 tickers    2649 candidate-days so far
  2025-06-12  session  200   11138 tickers    2657 candidate-days so far
  2025-06-13  session  201   11150 tickers    2670 candidate-days so far
  2025-06-16  session  202   11191 tickers    2684 candidate-days so far
  2025-06-17  session  203   11158 tickers    2705 candidate-days so far
  2025-06-18  session  204   11173 tickers    2721 candidate-days so far
  2025-06-20  session  205   11174 tickers    2732 candidate-days so far
  2025-06-23  session  206   11204 tickers    2743 candidate-days so far
  2025-06-24  session  207   11198 tickers    2762 candidate-days so far
  2025-06-25  session  208   11171 tickers    2777 candidate-days so far
  2025-06-26  session  209   11223 tickers    2789 candidate-days so far
  2025-06-27  session  210   11216 tickers    2798 candidate-days so far
  2025-06-30  session  211   11254 tickers    2812 candidate-days so far
  2025-07-01  session  212   11240 tickers    2825 candidate-days so far
  2025-07-02  session  213   11233 tickers    2837 candidate-days so far
  2025-07-03  session  214   11107 tickers    2840 candidate-days so far
  2025-07-07  session  215   11241 tickers    2849 candidate-days so far
  2025-07-08  session  216   11247 tickers    2867 candidate-days so far
  2025-07-09  session  217   11229 tickers    2887 candidate-days so far
  2025-07-10  session  218   11218 tickers    2903 candidate-days so far
  2025-07-11  session  219   11252 tickers    2920 candidate-days so far
  2025-07-14  session  220   11278 tickers    2933 candidate-days so far
  2025-07-15  session  221   11263 tickers    2949 candidate-days so far
  2025-07-16  session  222   11250 tickers    2961 candidate-days so far
  2025-07-17  session  223   11241 tickers    2979 candidate-days so far
  2025-07-18  session  224   11231 tickers    2994 candidate-days so far
  2025-07-21  session  225   11293 tickers    3006 candidate-days so far
  2025-07-22  session  226   11255 tickers    3033 candidate-days so far
  2025-07-23  session  227   11284 tickers    3052 candidate-days so far
  2025-07-24  session  228   11265 tickers    3065 candidate-days so far
  2025-07-25  session  229   11284 tickers    3080 candidate-days so far
  2025-07-28  session  230   11315 tickers    3091 candidate-days so far
  2025-07-29  session  231   11290 tickers    3106 candidate-days so far
  2025-07-30  session  232   11286 tickers    3115 candidate-days so far
  2025-07-31  session  233   11305 tickers    3130 candidate-days so far
  2025-08-01  session  234   11291 tickers    3144 candidate-days so far
  2025-08-04  session  235   11306 tickers    3158 candidate-days so far
  2025-08-05  session  236   11311 tickers    3182 candidate-days so far
  2025-08-06  session  237   11338 tickers    3210 candidate-days so far
  2025-08-07  session  238   11326 tickers    3233 candidate-days so far
  2025-08-08  session  239   11309 tickers    3269 candidate-days so far
  2025-08-11  session  240   11357 tickers    3302 candidate-days so far
  2025-08-12  session  241   11371 tickers    3326 candidate-days so far
  2025-08-13  session  242   11374 tickers    3340 candidate-days so far
  2025-08-14  session  243   11342 tickers    3361 candidate-days so far
  2025-08-15  session  244   11385 tickers    3373 candidate-days so far
  2025-08-18  session  245   11357 tickers    3392 candidate-days so far
  2025-08-19  session  246   11410 tickers    3411 candidate-days so far
  2025-08-20  session  247   11364 tickers    3418 candidate-days so far
  2025-08-21  session  248   11351 tickers    3428 candidate-days so far
  2025-08-22  session  249   11386 tickers    3433 candidate-days so far
  2025-08-25  session  250   11366 tickers    3436 candidate-days so far
  2025-08-26  session  251   11338 tickers    3449 candidate-days so far
  2025-08-27  session  252   11341 tickers    3461 candidate-days so far
  2025-08-28  session  253   11359 tickers    3468 candidate-days so far
  2025-08-29  session  254   11351 tickers    3480 candidate-days so far
  2025-09-02  session  255   11405 tickers    3494 candidate-days so far
  2025-09-03  session  256   11382 tickers    3508 candidate-days so far
  2025-09-04  session  257   11374 tickers    3520 candidate-days so far
  2025-09-05  session  258   11401 tickers    3527 candidate-days so far
  2025-09-08  session  259   11408 tickers    3537 candidate-days so far
  2025-09-09  session  260   11401 tickers    3554 candidate-days so far
  2025-09-10  session  261   11414 tickers    3572 candidate-days so far
  2025-09-11  session  262   11436 tickers    3592 candidate-days so far
  2025-09-12  session  263   11409 tickers    3607 candidate-days so far
  2025-09-15  session  264   11445 tickers    3624 candidate-days so far
  2025-09-16  session  265   11461 tickers    3648 candidate-days so far
  2025-09-17  session  266   11454 tickers    3661 candidate-days so far
  2025-09-18  session  267   11445 tickers    3675 candidate-days so far
  2025-09-19  session  268   11486 tickers    3691 candidate-days so far
  2025-09-22  session  269   11469 tickers    3706 candidate-days so far
  2025-09-23  session  270   11455 tickers    3728 candidate-days so far
  2025-09-24  session  271   11483 tickers    3746 candidate-days so far
  2025-09-25  session  272   11457 tickers    3759 candidate-days so far
  2025-09-26  session  273   11446 tickers    3766 candidate-days so far
  2025-09-29  session  274   11495 tickers    3776 candidate-days so far
  2025-09-30  session  275   11517 tickers    3802 candidate-days so far
  2025-10-01  session  276   11508 tickers    3815 candidate-days so far
  2025-10-02  session  277   11528 tickers    3826 candidate-days so far
  2025-10-03  session  278   11527 tickers    3831 candidate-days so far
  2025-10-06  session  279   11554 tickers    3840 candidate-days so far
  2025-10-07  session  280   11554 tickers    3869 candidate-days so far
  2025-10-08  session  281   11584 tickers    3887 candidate-days so far
  2025-10-09  session  282   11572 tickers    3905 candidate-days so far
  2025-10-10  session  283   11557 tickers    3918 candidate-days so far
  2025-10-13  session  284   11571 tickers    3943 candidate-days so far
  2025-10-14  session  285   11589 tickers    3983 candidate-days so far
  2025-10-15  session  286   11593 tickers    4008 candidate-days so far
  2025-10-16  session  287   11581 tickers    4041 candidate-days so far
  2025-10-17  session  288   11533 tickers    4058 candidate-days so far
  2025-10-20  session  289   11563 tickers    4066 candidate-days so far
  2025-10-21  session  290   11604 tickers    4102 candidate-days so far
  2025-10-22  session  291   11561 tickers    4117 candidate-days so far
  2025-10-23  session  292   11577 tickers    4128 candidate-days so far
  2025-10-24  session  293   11587 tickers    4152 candidate-days so far
  2025-10-27  session  294   11632 tickers    4166 candidate-days so far
  2025-10-28  session  295   11638 tickers    4190 candidate-days so far
  2025-10-29  session  296   11638 tickers    4200 candidate-days so far
  2025-10-30  session  297   11602 tickers    4213 candidate-days so far
  2025-10-31  session  298   11616 tickers    4231 candidate-days so far
  2025-11-03  session  299   11630 tickers    4249 candidate-days so far
  2025-11-04  session  300   11629 tickers    4269 candidate-days so far
  2025-11-05  session  301   11613 tickers    4282 candidate-days so far
  2025-11-06  session  302   11597 tickers    4316 candidate-days so far
  2025-11-07  session  303   11619 tickers    4345 candidate-days so far
  2025-11-10  session  304   11638 tickers    4367 candidate-days so far
  2025-11-11  session  305   11568 tickers    4397 candidate-days so far
  2025-11-12  session  306   11628 tickers    4411 candidate-days so far
  2025-11-13  session  307   11624 tickers    4428 candidate-days so far
  2025-11-14  session  308   11602 tickers    4438 candidate-days so far
  2025-11-17  session  309   11680 tickers    4445 candidate-days so far
  2025-11-18  session  310   11649 tickers    4461 candidate-days so far
  2025-11-19  session  311   11663 tickers    4472 candidate-days so far
  2025-11-20  session  312   11688 tickers    4481 candidate-days so far
  2025-11-21  session  313   11685 tickers    4519 candidate-days so far
  2025-11-24  session  314   11702 tickers    4525 candidate-days so far
  2025-11-25  session  315   11702 tickers    4541 candidate-days so far
  2025-11-26  session  316   11719 tickers    4553 candidate-days so far
  2025-11-28  session  317   11607 tickers    4564 candidate-days so far
  2025-12-01  session  318   11755 tickers    4577 candidate-days so far
  2025-12-02  session  319   11717 tickers    4588 candidate-days so far
  2025-12-03  session  320   11717 tickers    4608 candidate-days so far
  2025-12-04  session  321   11740 tickers    4621 candidate-days so far
  2025-12-05  session  322   11764 tickers    4627 candidate-days so far
  2025-12-08  session  323   11747 tickers    4639 candidate-days so far
  2025-12-09  session  324   11777 tickers    4656 candidate-days so far
  2025-12-10  session  325   11785 tickers    4668 candidate-days so far
  2025-12-11  session  326   11782 tickers    4680 candidate-days so far
  2025-12-12  session  327   11757 tickers    4692 candidate-days so far
  2025-12-15  session  328   11820 tickers    4711 candidate-days so far
  2025-12-16  session  329   11753 tickers    4724 candidate-days so far
  2025-12-17  session  330   11767 tickers    4733 candidate-days so far
  2025-12-18  session  331   11758 tickers    4743 candidate-days so far
  2025-12-19  session  332   11766 tickers    4773 candidate-days so far
  2025-12-22  session  333   11765 tickers    4787 candidate-days so far
  2025-12-23  session  334   11819 tickers    4802 candidate-days so far
  2025-12-24  session  335   11628 tickers    4809 candidate-days so far
  2025-12-26  session  336   11716 tickers    4816 candidate-days so far
  2025-12-29  session  337   11797 tickers    4820 candidate-days so far
  2025-12-30  session  338   11820 tickers    4827 candidate-days so far
  2025-12-31  session  339   11824 tickers    4839 candidate-days so far
  2026-01-02  session  340   11771 tickers    4846 candidate-days so far
  2026-01-05  session  341   11817 tickers    4863 candidate-days so far
  2026-01-06  session  342   11778 tickers    4889 candidate-days so far
  2026-01-07  session  343   11787 tickers    4902 candidate-days so far
  2026-01-08  session  344   11791 tickers    4909 candidate-days so far
  2026-01-09  session  345   11782 tickers    4919 candidate-days so far
  2026-01-12  session  346   11812 tickers    4942 candidate-days so far
  2026-01-13  session  347   11827 tickers    4958 candidate-days so far
  2026-01-14  session  348   11816 tickers    4966 candidate-days so far
  2026-01-15  session  349   11845 tickers    4975 candidate-days so far
  2026-01-16  session  350   11807 tickers    4991 candidate-days so far
  2026-01-20  session  351   11858 tickers    5001 candidate-days so far
  2026-01-21  session  352   11867 tickers    5025 candidate-days so far
  2026-01-22  session  353   11870 tickers    5037 candidate-days so far
  2026-01-23  session  354   11881 tickers    5055 candidate-days so far
  2026-01-26  session  355   11895 tickers    5063 candidate-days so far
  2026-01-27  session  356   11891 tickers    5092 candidate-days so far
  2026-01-28  session  357   11872 tickers    5104 candidate-days so far
  2026-01-29  session  358   11882 tickers    5119 candidate-days so far
  2026-01-30  session  359   11901 tickers    5132 candidate-days so far
  2026-02-02  session  360   11936 tickers    5146 candidate-days so far
  2026-02-03  session  361   11896 tickers    5165 candidate-days so far
  2026-02-04  session  362   11862 tickers    5180 candidate-days so far
  2026-02-05  session  363   11917 tickers    5193 candidate-days so far
  2026-02-06  session  364   11864 tickers    5200 candidate-days so far
  2026-02-09  session  365   11893 tickers    5259 candidate-days so far
  2026-02-10  session  366   11908 tickers    5271 candidate-days so far
  2026-02-11  session  367   11926 tickers    5291 candidate-days so far
  2026-02-12  session  368   11994 tickers    5300 candidate-days so far
  2026-02-13  session  369   11893 tickers    5310 candidate-days so far
  2026-02-17  session  370   11921 tickers    5327 candidate-days so far
  2026-02-18  session  371   11893 tickers    5337 candidate-days so far
  2026-02-19  session  372   11889 tickers    5347 candidate-days so far
  2026-02-20  session  373   11868 tickers    5361 candidate-days so far
  2026-02-23  session  374   11870 tickers    5373 candidate-days so far
  2026-02-24  session  375   11866 tickers    5385 candidate-days so far
  2026-02-25  session  376   11881 tickers    5400 candidate-days so far
  2026-02-26  session  377   11901 tickers    5428 candidate-days so far
  2026-02-27  session  378   11934 tickers    5446 candidate-days so far
  2026-03-02  session  379   11965 tickers    5467 candidate-days so far
  2026-03-03  session  380   11938 tickers    5487 candidate-days so far
  2026-03-04  session  381   11952 tickers    5497 candidate-days so far
  2026-03-05  session  382   11941 tickers    5535 candidate-days so far
  2026-03-06  session  383   11900 tickers    5546 candidate-days so far
  2026-03-09  session  384   11979 tickers    5560 candidate-days so far
  2026-03-10  session  385   11977 tickers    5575 candidate-days so far
  2026-03-11  session  386   11914 tickers    5591 candidate-days so far
  2026-03-12  session  387   11910 tickers    5614 candidate-days so far
  2026-03-13  session  388   11916 tickers    5636 candidate-days so far
  2026-03-16  session  389   11937 tickers    5659 candidate-days so far
  2026-03-17  session  390   11923 tickers    5694 candidate-days so far
  2026-03-18  session  391   11936 tickers    5704 candidate-days so far
  2026-03-19  session  392   11931 tickers    5709 candidate-days so far
  2026-03-20  session  393   11931 tickers    5720 candidate-days so far
  2026-03-23  session  394   11976 tickers    5733 candidate-days so far
  2026-03-24  session  395   11967 tickers    5745 candidate-days so far
  2026-03-25  session  396   11950 tickers    5752 candidate-days so far
  2026-03-26  session  397   11956 tickers    5774 candidate-days so far
  2026-03-27  session  398   11987 tickers    5785 candidate-days so far
  2026-03-30  session  399   11973 tickers    5793 candidate-days so far
  2026-03-31  session  400   11982 tickers    5807 candidate-days so far
  2026-04-01  session  401   11973 tickers    5828 candidate-days so far
  2026-04-02  session  402   11968 tickers    5838 candidate-days so far
  2026-04-06  session  403   11977 tickers    5851 candidate-days so far
  2026-04-07  session  404   11947 tickers    5864 candidate-days so far
  2026-04-08  session  405   12019 tickers    5870 candidate-days so far
  2026-04-09  session  406   11934 tickers    6009 candidate-days so far
  2026-04-10  session  407   11947 tickers    6017 candidate-days so far
  2026-04-13  session  408   11961 tickers    6022 candidate-days so far
  2026-04-14  session  409   12020 tickers    6036 candidate-days so far
  2026-04-15  session  410   11996 tickers    6057 candidate-days so far
  2026-04-16  session  411   12030 tickers    6071 candidate-days so far
  2026-04-17  session  412   12040 tickers    6084 candidate-days so far
  2026-04-20  session  413   12011 tickers    6105 candidate-days so far
  2026-04-21  session  414   12020 tickers    6124 candidate-days so far
  2026-04-22  session  415   12027 tickers    6132 candidate-days so far
  2026-04-23  session  416   12040 tickers    6147 candidate-days so far
  2026-04-24  session  417   11979 tickers    6160 candidate-days so far
  2026-04-27  session  418   11999 tickers    6174 candidate-days so far
  2026-04-28  session  419   11989 tickers    6190 candidate-days so far
  2026-04-29  session  420   12126 tickers    6203 candidate-days so far
  2026-04-30  session  421   12012 tickers    6214 candidate-days so far
  2026-05-01  session  422   12009 tickers    6234 candidate-days so far
  2026-05-04  session  423   12036 tickers    6243 candidate-days so far
  2026-05-05  session  424   11988 tickers    6256 candidate-days so far
  2026-05-06  session  425   12098 tickers    6274 candidate-days so far
  2026-05-07  session  426   12108 tickers    6306 candidate-days so far
  2026-05-08  session  427   12078 tickers    6332 candidate-days so far
  2026-05-11  session  428   12159 tickers    6345 candidate-days so far
  2026-05-12  session  429   12096 tickers    6365 candidate-days so far
  2026-05-13  session  430   12088 tickers    6381 candidate-days so far
  2026-05-14  session  431   12134 tickers    6394 candidate-days so far
  2026-05-15  session  432   12104 tickers    6420 candidate-days so far
  2026-05-18  session  433   12152 tickers    6435 candidate-days so far
  2026-05-19  session  434   12110 tickers    6450 candidate-days so far
  2026-05-20  session  435   12160 tickers    6456 candidate-days so far
  2026-05-21  session  436   12163 tickers    6466 candidate-days so far
  2026-05-22  session  437   12202 tickers    6482 candidate-days so far
  2026-05-26  session  438   12257 tickers    6505 candidate-days so far
  2026-05-27  session  439   12248 tickers    6532 candidate-days so far
  2026-05-28  session  440   12288 tickers    6548 candidate-days so far
  2026-05-29  session  441   12284 tickers    6574 candidate-days so far
  2026-06-01  session  442   12249 tickers    6604 candidate-days so far
  2026-06-02  session  443   12208 tickers    6626 candidate-days so far
  2026-06-03  session  444   12299 tickers    6640 candidate-days so far
  2026-06-04  session  445   12249 tickers    6659 candidate-days so far
  2026-06-05  session  446   12244 tickers    6679 candidate-days so far
  2026-06-08  session  447   12295 tickers    6698 candidate-days so far
  2026-06-09  session  448   12262 tickers    6731 candidate-days so far
  2026-06-10  session  449   12304 tickers    6743 candidate-days so far
  2026-06-11  session  450   12318 tickers    6754 candidate-days so far
  2026-06-12  session  451   12274 tickers    6767 candidate-days so far
  2026-06-15  session  452   12348 tickers    6778 candidate-days so far
  2026-06-16  session  453   12374 tickers    6858 candidate-days so far
  2026-06-17  session  454   12311 tickers    6875 candidate-days so far
  2026-06-18  session  455   12299 tickers    6891 candidate-days so far
  2026-06-22  session  456   12339 tickers    6915 candidate-days so far
  2026-06-23  session  457   12347 tickers    6931 candidate-days so far
  2026-06-24  session  458   12373 tickers    6957 candidate-days so far
  2026-06-25  session  459   12326 tickers    6966 candidate-days so far
  2026-06-26  session  460   12339 tickers    6980 candidate-days so far
  2026-06-29  session  461   12376 tickers    6994 candidate-days so far
  2026-06-30  session  462   12474 tickers    7018 candidate-days so far
  2026-07-01  session  463   12445 tickers    7038 candidate-days so far
  2026-07-02  session  464   12462 tickers    7056 candidate-days so far
  2026-07-06  session  465   12477 tickers    7066 candidate-days so far
  2026-07-07  session  466   12440 tickers    7095 candidate-days so far
  2026-07-08  session  467   12440 tickers    7107 candidate-days so far
  2026-07-09  session  468   12386 tickers    7115 candidate-days so far
  2026-07-10  session  469   12398 tickers    7136 candidate-days so far
  2026-07-13  session  470   12411 tickers    7153 candidate-days so far
  2026-07-14  session  471   12417 tickers    7171 candidate-days so far
  2026-07-15  session  472   12435 tickers    7199 candidate-days so far
  2026-07-16  session  473   12454 tickers    7206 candidate-days so far
  2026-07-17  session  474   12411 tickers    7216 candidate-days so far
  2026-07-20  session  475   12388 tickers    7223 candidate-days so far
  2026-07-21  session  476   12524 tickers    7240 candidate-days so far
  2026-07-22  session  477   12427 tickers    7262 candidate-days so far
  2026-07-23  session  478   12392 tickers    7274 candidate-days so far
  2026-07-24  session  479   12410 tickers    7284 candidate-days so far
  2026-07-27  session  480   12402 tickers    7300 candidate-days so far
  2026-07-28  session  481   12482 tickers    7326 candidate-days so far
  2026-07-29  session  482   12481 tickers    7335 candidate-days so far
  2026-07-30  session  483   12459 tickers    7354 candidate-days so far
  2026-07-31  session  484   12408 tickers    7436 candidate-days so far
  2026-08-03  session  485   12402 tickers    7480 candidate-days so far
  2026-08-04  session  486   12456 tickers    7496 candidate-days so far
  2026-08-05  session  487   12406 tickers    7549 candidate-days so far
  2026-08-06  session  488   12399 tickers    7571 candidate-days so far
  2026-08-07  session  489   12414 tickers    7606 candidate-days so far
  2026-08-10  session  490   12415 tickers    7653 candidate-days so far
  2026-08-11  session  491   12410 tickers    7677 candidate-days so far
  2026-08-12  session  492   12411 tickers    7703 candidate-days so far
  2026-08-13  session  493   12500 tickers    7768 candidate-days so far
  2026-08-14  session  494   12424 tickers    7790 candidate-days so far
  2026-08-17  session  495   12549 tickers    7822 candidate-days so far
  2026-08-18  session  496   12482 tickers    7843 candidate-days so far
  2026-08-19  session  497   12548 tickers    7864 candidate-days so far
  2026-08-20  session  498   12483 tickers    7882 candidate-days so far
  2026-08-21  session  499   12543 tickers    7919 candidate-days so far
{
  "provider": "polygon",
  "construction": "grouped_daily (survivorship-free)",
  "symbols_scanned": null,
  "candidate_days": 7948,
  "sessions": 479,
  "distinct_names": 2731,
  "by_year": [
    {
      "year": "2024",
      "ticker_days": 998,
      "sessions": 69,
      "names": 626
    },
    {
      "year": "2025",
      "ticker_days": 3848,
      "sessions": 250,
      "names": 1798
    },
    {
      "year": "2026",
      "ticker_days": 3102,
      "sessions": 160,
      "names": 1447
    }
  ],
  "reverse_split_flagged": 344
}
